GAMS 24.5.6  r55090 Released Nov 27, 2015 WEX-WEI x86 64bit/MS Windows 01/10/16 15:47:57 Page 1
G e n e r a l   A l g e b r a i c   M o d e l i n g   S y s t e m
C o m p i l a t i o n


   1  sets aceites /'VEG1','VEG2','OIL1','OIL2','OIL3'/;
   2   
   3  sets
   4          vege(aceites) /'VEG1','VEG2'/
   5          mine(aceites) /'OIL1','OIL2','OIL3'/;
   6   
   7  parameters
   8          coste(aceites) /
   9                          VEG1 110
  10                          VEG2 120
  11                          OIL1 130
  12                          OIL2 110
  13                          OIL3 115/
  14          dureza(aceites) /VEG1 8.8, VEG2 6.1, OIL1 2.0, OIL2 4.2, OIL3 5.0/
      ;
  15   
  16  scalars
  17          dureza_min /3/
  18          dureza_max /6/
  19          precio_venta /150/
  20          refino_vege /200/
  21          refino_mine /250/;
  22   
  23  variables z, cantidad(aceites);
  24  positive variables cantidad(aceites);
  25  equations
  26          beneficio
  27          lim_refino_vegetal
  28          lim_refino_mineral
  29          lim_inf_dureza
  30          lim_sup_dureza;
  31   
  32  beneficio.. z =e= precio_venta * sum(aceites,cantidad(aceites)) - sum(acei
      tes, coste(aceites)*cantidad(aceites));
  33  lim_refino_vegetal.. sum(vege(aceites),cantidad(aceites))
  34                                                                  =l= refino
      _vege;
  35  lim_refino_mineral.. sum(mine(aceites),cantidad(aceites))
  36                                                                  =l= refino
      _mine;
  37  lim_inf_dureza.. dureza_min * sum(aceites,cantidad(aceites))
  38                                                                  =l= sum(ac
      eites,dureza(aceites)*cantidad(aceites));
  39  lim_sup_dureza.. sum(aceites,dureza(aceites)*cantidad(aceites))
  40                                                                  =l= dureza
      _max * sum(aceites,cantidad(aceites));
  41   
  42  model aceite /all/;
  43   
  44  solve aceite using LP maximizing z;
  45   
  46  display cantidad.l;


COMPILATION TIME     =        0.000 SECONDS      3 MB  24.5.6 r55090 WEX-WEI
GAMS 24.5.6  r55090 Released Nov 27, 2015 WEX-WEI x86 64bit/MS Windows 01/10/16 15:47:57 Page 2
G e n e r a l   A l g e b r a i c   M o d e l i n g   S y s t e m
Equation Listing    SOLVE aceite Using LP From line 44


---- beneficio  =E=  

beneficio..  z - 40*cantidad(VEG1) - 30*cantidad(VEG2) - 20*cantidad(OIL1)
     
      - 40*cantidad(OIL2) - 35*cantidad(OIL3) =E= 0 ; (LHS = 0)
     

---- lim_refino_vegetal  =L=  

lim_refino_vegetal..  cantidad(VEG1) + cantidad(VEG2) =L= 200 ; (LHS = 0)
     

---- lim_refino_mineral  =L=  

lim_refino_mineral..  cantidad(OIL1) + cantidad(OIL2) + cantidad(OIL3) =L= 250 ;
     
      (LHS = 0)
     

---- lim_inf_dureza  =L=  

lim_inf_dureza..  - 5.8*cantidad(VEG1) - 3.1*cantidad(VEG2) + cantidad(OIL1)
     
      - 1.2*cantidad(OIL2) - 2*cantidad(OIL3) =L= 0 ; (LHS = 0)
     

---- lim_sup_dureza  =L=  

lim_sup_dureza..  2.8*cantidad(VEG1) + 0.0999999999999996*cantidad(VEG2)
     
      - 4*cantidad(OIL1) - 1.8*cantidad(OIL2) - cantidad(OIL3) =L= 0 ; (LHS = 0)
     
GAMS 24.5.6  r55090 Released Nov 27, 2015 WEX-WEI x86 64bit/MS Windows 01/10/16 15:47:57 Page 3
G e n e r a l   A l g e b r a i c   M o d e l i n g   S y s t e m
Column Listing      SOLVE aceite Using LP From line 44


---- z  

z
                (.LO, .L, .UP, .M = -INF, 0, +INF, 0)
        1       beneficio


---- cantidad  

cantidad(VEG1)
                (.LO, .L, .UP, .M = 0, 0, +INF, 0)
      -40       beneficio
        1       lim_refino_vegetal
       -5.8     lim_inf_dureza
        2.8     lim_sup_dureza

cantidad(VEG2)
                (.LO, .L, .UP, .M = 0, 0, +INF, 0)
      -30       beneficio
        1       lim_refino_vegetal
       -3.1     lim_inf_dureza
        0.1     lim_sup_dureza

cantidad(OIL1)
                (.LO, .L, .UP, .M = 0, 0, +INF, 0)
      -20       beneficio
        1       lim_refino_mineral
        1       lim_inf_dureza
       -4       lim_sup_dureza

REMAINING 2 ENTRIES SKIPPED
GAMS 24.5.6  r55090 Released Nov 27, 2015 WEX-WEI x86 64bit/MS Windows 01/10/16 15:47:57 Page 4
G e n e r a l   A l g e b r a i c   M o d e l i n g   S y s t e m
Model Statistics    SOLVE aceite Using LP From line 44


MODEL STATISTICS

BLOCKS OF EQUATIONS           5     SINGLE EQUATIONS            5
BLOCKS OF VARIABLES           2     SINGLE VARIABLES            6
NON ZERO ELEMENTS            21


GENERATION TIME      =        0.063 SECONDS      4 MB  24.5.6 r55090 WEX-WEI


EXECUTION TIME       =        0.063 SECONDS      4 MB  24.5.6 r55090 WEX-WEI
GAMS 24.5.6  r55090 Released Nov 27, 2015 WEX-WEI x86 64bit/MS Windows 01/10/16 15:47:57 Page 5
G e n e r a l   A l g e b r a i c   M o d e l i n g   S y s t e m
Solution Report     SOLVE aceite Using LP From line 44


               S O L V E      S U M M A R Y

     MODEL   aceite              OBJECTIVE  z
     TYPE    LP                  DIRECTION  MAXIMIZE
     SOLVER  CPLEX               FROM LINE  44

**** SOLVER STATUS     1 Normal Completion         
**** MODEL STATUS      1 Optimal                   
**** OBJECTIVE VALUE            17592.5926

 RESOURCE USAGE, LIMIT          0.063      1000.000
 ITERATION COUNT, LIMIT         2    2000000000

IBM ILOG CPLEX   24.5.6 r55090 Released Nov 27, 2015 WEI x86 64bit/MS Windows 
Cplex 12.6.2.0

Space for names approximately 0.00 Mb
Use option 'names no' to turn use of names off
LP status(1): optimal
Cplex Time: 0.00sec (det. 0.01 ticks)
Optimal solution found.
Objective :       17592.592593


                       LOWER     LEVEL     UPPER    MARGINAL

---- EQU beneficio       .         .         .        1.000      
---- EQU lim_refin~     -INF    200.000   200.000    29.630      
---- EQU lim_refin~     -INF    250.000   250.000    46.667      
---- EQU lim_inf_d~     -INF  -1350.000      .         .         
---- EQU lim_sup_d~     -INF       .         .        3.704      

                       LOWER     LEVEL     UPPER    MARGINAL

---- VAR z              -INF  17592.593     +INF       .         

---- VAR cantidad  

        LOWER     LEVEL     UPPER    MARGINAL

VEG1      .      159.259     +INF       .         
VEG2      .       40.741     +INF       .         
OIL1      .         .        +INF    -11.852      
OIL2      .      250.000     +INF       .         
OIL3      .         .        +INF     -7.963      


**** REPORT SUMMARY :        0     NONOPT
                             0 INFEASIBLE
                             0  UNBOUNDED
GAMS 24.5.6  r55090 Released Nov 27, 2015 WEX-WEI x86 64bit/MS Windows 01/10/16 15:47:57 Page 6
G e n e r a l   A l g e b r a i c   M o d e l i n g   S y s t e m
E x e c u t i o n


----     46 VARIABLE cantidad.L  

VEG1 159.259,    VEG2  40.741,    OIL2 250.000



EXECUTION TIME       =        0.000 SECONDS      3 MB  24.5.6 r55090 WEX-WEI


USER: GAMS Development Corporation, Washington, DC   G871201/0000CA-ANY
      Free Demo,  202-342-0180,  sales@gams.com,  www.gams.com   DC0000


**** FILE SUMMARY

Input      C:\Users\jose\Desktop\Gestión y planificación\Otros recursos\ejemplos
           _gams\aceites.gms
Output     C:\Users\jose\Documents\GitHub\GP\1. Programacio´n lineal\aceites.lst
