GAMS 24.5.6  r55090 Released Nov 27, 2015 DEX-DEG x86 64bit/MacOS X                                                                                                                                                                    01/16/16 16:32:06 Page 1
G e n e r a l   A l g e b r a i c   M o d e l i n g   S y s t e m
C o m p i l a t i o n


   1  VARIABLES
   2            X1, X2, X3, X4, X5, X6
   3            X_1, X_2, X_3, X_4, X_5, X_6
   4            BENEFICIOS
   5            INGRESOS
   6            COSTES_PRODUCCION
   7            COSTES_REFINADO
   8            PRODUCTO
   9            PRODUCTO_SIN_REFINAR
  10   
  11  POSITIVE VARIABLES
  12  X1, X2, X3, X4, X5, X6, X_1, X_2, X_3, X_4, X_5, X_6;
  13   
  14  BINARY VARIABLES
  15  DELTA1, DELTA2, DELTA3, DELTA4, DELTA5, DELTA6;
  16   
  17  EQUATIONS
  18  OBJ, R1, R2, R3, R4, R5, R6, R7, R8, R9, R10, R_PRODUCTO, R_PRODUCTO_SIN_REFINAR, R_INGRESOS, R_COSTES_PRODUCCION, R_COSTES_REFINADO
  19  R_MAX_TRES_ACEITES
  20  R_MIN_15_TON_11
  21  R_MIN_15_TON_12
  22  R_MIN_15_TON_21
  23  R_MIN_15_TON_22
  24  R_MIN_15_TON_31
  25  R_MIN_15_TON_32
  26  R_MIN_15_TON_41
  27  R_MIN_15_TON_42
  28  R_MIN_15_TON_51
  29  R_MIN_15_TON_52
  30  R_MIN_15_TON_61
  31  R_MIN_15_TON_62
  32  R_IF_THEN;
  33   
  34  R1..  X1 =E= 0.95*X_1;
  35  R2..  X2 =E= 0.95*X_2;
  36  R3..  X3 =E= 0.95*X_3;
  37  R4..  X4 =E= 0.95*X_4;
  38  R5..  X5 =E= 0.95*X_5;
  39  R6..  X6 =E= 0.95*X_6;
  40   
  41   
  42  R_PRODUCTO..               PRODUCTO =E= X1 + X2 + X3 + X4 + X5 + X6;
  43  R_PRODUCTO_SIN_REFINAR..   PRODUCTO_SIN_REFINAR =E= X_1 + X_2 + X_3 + X_4 + X_5 + X_6;
  44  R_INGRESOS..               INGRESOS =E= 150*PRODUCTO;
  45  R_COSTES_PRODUCCION..      COSTES_PRODUCCION =E= 115*X_1 + 120*X_2 + 115*X_3 + 120*X_4 + 114*X_5 + 115*X_6;
  46  R_COSTES_REFINADO..        COSTES_REFINADO =E= 5*PRODUCTO_SIN_REFINAR;
  47   
  48  R7..  8.8*X1+6.1*X2+7.5*X3+2*X4+5.2*X5+4.9*X6 -3*PRODUCTO =G= 0;
  49  R8..  8.8*X1+6.1*X2+7.5*X3+2*X4+5.2*X5+4.9*X6 -6*PRODUCTO =L= 0;
  50  R9..  X_1 + X_2 + X_3 =L= 225;
  51  R10.. X_4 + X_5 + X_6 =L= 350;
  52   
  53  R_MAX_TRES_ACEITES..  DELTA1 + DELTA2 + DELTA3 + DELTA4 + DELTA5 + DELTA6 =L= 3;
GAMS 24.5.6  r55090 Released Nov 27, 2015 DEX-DEG x86 64bit/MacOS X                                                                                                                                                                    01/16/16 16:32:06 Page 2
G e n e r a l   A l g e b r a i c   M o d e l i n g   S y s t e m
C o m p i l a t i o n


  54   
  55  R_MIN_15_TON_11..     15*DELTA1 =L= X_1;
  56  R_MIN_15_TON_12..     X_1 =L= 225*DELTA1;
  57  R_MIN_15_TON_21..     15*DELTA2 =L= X_2;
  58  R_MIN_15_TON_22..     X_2=L= 225*DELTA2;
  59  R_MIN_15_TON_31..     15*DELTA3 =L= X_3;
  60  R_MIN_15_TON_32..     X_3 =L= 225*DELTA3;
  61   
  62  R_MIN_15_TON_41..     15*DELTA4 =L= X_4;
  63  R_MIN_15_TON_42..     X_4 =L= 350*DELTA4;
  64  R_MIN_15_TON_51..     15*DELTA5 =L= X_5;
  65  R_MIN_15_TON_52..     X_5 =L= 350*DELTA5;
  66  R_MIN_15_TON_61..     15*DELTA6 =L= X_6;
  67  R_MIN_15_TON_62..     X_6 =L= 350*DELTA6;
  68   
  69  R_IF_THEN..           DELTA1 + DELTA2 + DELTA3 =L= 3*(1-DELTA6);
  70   
  71   
  72  OBJ.. BENEFICIOS =E= INGRESOS - COSTES_PRODUCCION - COSTES_REFINADO
  73   
  74   
  75  MODEL LINEAL /ALL/;
  76  SOLVE LINEAL USING MIP MAXIMIZING BENEFICIOS;


COMPILATION TIME     =        0.001 SECONDS      2 MB  24.5.6 r55090 DEX-DEG
GAMS 24.5.6  r55090 Released Nov 27, 2015 DEX-DEG x86 64bit/MacOS X                                                                                                                                                                    01/16/16 16:32:06 Page 3
G e n e r a l   A l g e b r a i c   M o d e l i n g   S y s t e m
Equation Listing    SOLVE LINEAL Using MIP From line 76


---- OBJ  =E=  

OBJ..  BENEFICIOS - INGRESOS + COSTES_PRODUCCION + COSTES_REFINADO =E= 0 ; (LHS = 0)
     

---- R1  =E=  

R1..  X1 - 0.95*X_1 =E= 0 ; (LHS = 0)
     

---- R2  =E=  

R2..  X2 - 0.95*X_2 =E= 0 ; (LHS = 0)
     

---- R3  =E=  

R3..  X3 - 0.95*X_3 =E= 0 ; (LHS = 0)
     

---- R4  =E=  

R4..  X4 - 0.95*X_4 =E= 0 ; (LHS = 0)
     

---- R5  =E=  

R5..  X5 - 0.95*X_5 =E= 0 ; (LHS = 0)
     

---- R6  =E=  

R6..  X6 - 0.95*X_6 =E= 0 ; (LHS = 0)
     

---- R7  =G=  

R7..  8.8*X1 + 6.1*X2 + 7.5*X3 + 2*X4 + 5.2*X5 + 4.9*X6 - 3*PRODUCTO =G= 0 ; (LHS = 0)
     

---- R8  =L=  

R8..  8.8*X1 + 6.1*X2 + 7.5*X3 + 2*X4 + 5.2*X5 + 4.9*X6 - 6*PRODUCTO =L= 0 ; (LHS = 0)
     

---- R9  =L=  

R9..  X_1 + X_2 + X_3 =L= 225 ; (LHS = 0)
     
GAMS 24.5.6  r55090 Released Nov 27, 2015 DEX-DEG x86 64bit/MacOS X                                                                                                                                                                    01/16/16 16:32:06 Page 4
G e n e r a l   A l g e b r a i c   M o d e l i n g   S y s t e m
Equation Listing    SOLVE LINEAL Using MIP From line 76


---- R10  =L=  

R10..  X_4 + X_5 + X_6 =L= 350 ; (LHS = 0)
     

---- R_PRODUCTO  =E=  

R_PRODUCTO..  - X1 - X2 - X3 - X4 - X5 - X6 + PRODUCTO =E= 0 ; (LHS = 0)
     

---- R_PRODUCTO_SIN_REFINAR  =E=  

R_PRODUCTO_SIN_REFINAR..  - X_1 - X_2 - X_3 - X_4 - X_5 - X_6 + PRODUCTO_SIN_REFINAR =E= 0 ; (LHS = 0)
     

---- R_INGRESOS  =E=  

R_INGRESOS..  INGRESOS - 150*PRODUCTO =E= 0 ; (LHS = 0)
     

---- R_COSTES_PRODUCCION  =E=  

R_COSTES_PRODUCCION..  - 115*X_1 - 120*X_2 - 115*X_3 - 120*X_4 - 114*X_5 - 115*X_6 + COSTES_PRODUCCION =E= 0 ; (LHS = 0)
     

---- R_COSTES_REFINADO  =E=  

R_COSTES_REFINADO..  COSTES_REFINADO - 5*PRODUCTO_SIN_REFINAR =E= 0 ; (LHS = 0)
     

---- R_MAX_TRES_ACEITES  =L=  

R_MAX_TRES_ACEITES..  DELTA1 + DELTA2 + DELTA3 + DELTA4 + DELTA5 + DELTA6 =L= 3 ; (LHS = 0)
     

---- R_MIN_15_TON_11  =L=  

R_MIN_15_TON_11..  - X_1 + 15*DELTA1 =L= 0 ; (LHS = 0)
     

---- R_MIN_15_TON_12  =L=  

R_MIN_15_TON_12..  X_1 - 225*DELTA1 =L= 0 ; (LHS = 0)
     

---- R_MIN_15_TON_21  =L=  

R_MIN_15_TON_21..  - X_2 + 15*DELTA2 =L= 0 ; (LHS = 0)
     
GAMS 24.5.6  r55090 Released Nov 27, 2015 DEX-DEG x86 64bit/MacOS X                                                                                                                                                                    01/16/16 16:32:06 Page 5
G e n e r a l   A l g e b r a i c   M o d e l i n g   S y s t e m
Equation Listing    SOLVE LINEAL Using MIP From line 76


---- R_MIN_15_TON_22  =L=  

R_MIN_15_TON_22..  X_2 - 225*DELTA2 =L= 0 ; (LHS = 0)
     

---- R_MIN_15_TON_31  =L=  

R_MIN_15_TON_31..  - X_3 + 15*DELTA3 =L= 0 ; (LHS = 0)
     

---- R_MIN_15_TON_32  =L=  

R_MIN_15_TON_32..  X_3 - 225*DELTA3 =L= 0 ; (LHS = 0)
     

---- R_MIN_15_TON_41  =L=  

R_MIN_15_TON_41..  - X_4 + 15*DELTA4 =L= 0 ; (LHS = 0)
     

---- R_MIN_15_TON_42  =L=  

R_MIN_15_TON_42..  X_4 - 350*DELTA4 =L= 0 ; (LHS = 0)
     

---- R_MIN_15_TON_51  =L=  

R_MIN_15_TON_51..  - X_5 + 15*DELTA5 =L= 0 ; (LHS = 0)
     

---- R_MIN_15_TON_52  =L=  

R_MIN_15_TON_52..  X_5 - 350*DELTA5 =L= 0 ; (LHS = 0)
     

---- R_MIN_15_TON_61  =L=  

R_MIN_15_TON_61..  - X_6 + 15*DELTA6 =L= 0 ; (LHS = 0)
     

---- R_MIN_15_TON_62  =L=  

R_MIN_15_TON_62..  X_6 - 350*DELTA6 =L= 0 ; (LHS = 0)
     

---- R_IF_THEN  =L=  

R_IF_THEN..  DELTA1 + DELTA2 + DELTA3 + 3*DELTA6 =L= 3 ; (LHS = 0)
     
GAMS 24.5.6  r55090 Released Nov 27, 2015 DEX-DEG x86 64bit/MacOS X                                                                                                                                                                    01/16/16 16:32:06 Page 6
G e n e r a l   A l g e b r a i c   M o d e l i n g   S y s t e m
Column Listing      SOLVE LINEAL Using MIP From line 76


---- X1  

X1
                (.LO, .L, .UP, .M = 0, 0, +INF, 0)
        1       R1
        8.8     R7
        8.8     R8
       -1       R_PRODUCTO


---- X2  

X2
                (.LO, .L, .UP, .M = 0, 0, +INF, 0)
        1       R2
        6.1     R7
        6.1     R8
       -1       R_PRODUCTO


---- X3  

X3
                (.LO, .L, .UP, .M = 0, 0, +INF, 0)
        1       R3
        7.5     R7
        7.5     R8
       -1       R_PRODUCTO


---- X4  

X4
                (.LO, .L, .UP, .M = 0, 0, +INF, 0)
        1       R4
        2       R7
        2       R8
       -1       R_PRODUCTO


---- X5  

X5
                (.LO, .L, .UP, .M = 0, 0, +INF, 0)
        1       R5
        5.2     R7
        5.2     R8
       -1       R_PRODUCTO

GAMS 24.5.6  r55090 Released Nov 27, 2015 DEX-DEG x86 64bit/MacOS X                                                                                                                                                                    01/16/16 16:32:06 Page 7
G e n e r a l   A l g e b r a i c   M o d e l i n g   S y s t e m
Column Listing      SOLVE LINEAL Using MIP From line 76


---- X6  

X6
                (.LO, .L, .UP, .M = 0, 0, +INF, 0)
        1       R6
        4.9     R7
        4.9     R8
       -1       R_PRODUCTO


---- X_1  

X_1
                (.LO, .L, .UP, .M = 0, 0, +INF, 0)
       -0.95    R1
        1       R9
       -1       R_PRODUCTO_SIN_REFINAR
     -115       R_COSTES_PRODUCCION
       -1       R_MIN_15_TON_11
        1       R_MIN_15_TON_12


---- X_2  

X_2
                (.LO, .L, .UP, .M = 0, 0, +INF, 0)
       -0.95    R2
        1       R9
       -1       R_PRODUCTO_SIN_REFINAR
     -120       R_COSTES_PRODUCCION
       -1       R_MIN_15_TON_21
        1       R_MIN_15_TON_22


---- X_3  

X_3
                (.LO, .L, .UP, .M = 0, 0, +INF, 0)
       -0.95    R3
        1       R9
       -1       R_PRODUCTO_SIN_REFINAR
     -115       R_COSTES_PRODUCCION
       -1       R_MIN_15_TON_31
        1       R_MIN_15_TON_32


---- X_4  

X_4
                (.LO, .L, .UP, .M = 0, 0, +INF, 0)
       -0.95    R4
        1       R10
       -1       R_PRODUCTO_SIN_REFINAR
GAMS 24.5.6  r55090 Released Nov 27, 2015 DEX-DEG x86 64bit/MacOS X                                                                                                                                                                    01/16/16 16:32:06 Page 8
G e n e r a l   A l g e b r a i c   M o d e l i n g   S y s t e m
Column Listing      SOLVE LINEAL Using MIP From line 76


     X_4  

     -120       R_COSTES_PRODUCCION
       -1       R_MIN_15_TON_41
        1       R_MIN_15_TON_42


---- X_5  

X_5
                (.LO, .L, .UP, .M = 0, 0, +INF, 0)
       -0.95    R5
        1       R10
       -1       R_PRODUCTO_SIN_REFINAR
     -114       R_COSTES_PRODUCCION
       -1       R_MIN_15_TON_51
        1       R_MIN_15_TON_52


---- X_6  

X_6
                (.LO, .L, .UP, .M = 0, 0, +INF, 0)
       -0.95    R6
        1       R10
       -1       R_PRODUCTO_SIN_REFINAR
     -115       R_COSTES_PRODUCCION
       -1       R_MIN_15_TON_61
        1       R_MIN_15_TON_62


---- BENEFICIOS  

BENEFICIOS
                (.LO, .L, .UP, .M = -INF, 0, +INF, 0)
        1       OBJ


---- INGRESOS  

INGRESOS
                (.LO, .L, .UP, .M = -INF, 0, +INF, 0)
       -1       OBJ
        1       R_INGRESOS


---- COSTES_PRODUCCION  

COSTES_PRODUCCION
                (.LO, .L, .UP, .M = -INF, 0, +INF, 0)
        1       OBJ
        1       R_COSTES_PRODUCCION

GAMS 24.5.6  r55090 Released Nov 27, 2015 DEX-DEG x86 64bit/MacOS X                                                                                                                                                                    01/16/16 16:32:06 Page 9
G e n e r a l   A l g e b r a i c   M o d e l i n g   S y s t e m
Column Listing      SOLVE LINEAL Using MIP From line 76


---- COSTES_REFINADO  

COSTES_REFINADO
                (.LO, .L, .UP, .M = -INF, 0, +INF, 0)
        1       OBJ
        1       R_COSTES_REFINADO


---- PRODUCTO  

PRODUCTO
                (.LO, .L, .UP, .M = -INF, 0, +INF, 0)
       -3       R7
       -6       R8
        1       R_PRODUCTO
     -150       R_INGRESOS


---- PRODUCTO_SIN_REFINAR  

PRODUCTO_SIN_REFINAR
                (.LO, .L, .UP, .M = -INF, 0, +INF, 0)
        1       R_PRODUCTO_SIN_REFINAR
       -5       R_COSTES_REFINADO


---- DELTA1  

DELTA1
                (.LO, .L, .UP, .M = 0, 0, 1, 0)
        1       R_MAX_TRES_ACEITES
       15       R_MIN_15_TON_11
     -225       R_MIN_15_TON_12
        1       R_IF_THEN


---- DELTA2  

DELTA2
                (.LO, .L, .UP, .M = 0, 0, 1, 0)
        1       R_MAX_TRES_ACEITES
       15       R_MIN_15_TON_21
     -225       R_MIN_15_TON_22
        1       R_IF_THEN


---- DELTA3  

DELTA3
                (.LO, .L, .UP, .M = 0, 0, 1, 0)
        1       R_MAX_TRES_ACEITES
       15       R_MIN_15_TON_31
     -225       R_MIN_15_TON_32
GAMS 24.5.6  r55090 Released Nov 27, 2015 DEX-DEG x86 64bit/MacOS X                                                                                                                                                                   01/16/16 16:32:06 Page 10
G e n e r a l   A l g e b r a i c   M o d e l i n g   S y s t e m
Column Listing      SOLVE LINEAL Using MIP From line 76


     DELTA3  

        1       R_IF_THEN


---- DELTA4  

DELTA4
                (.LO, .L, .UP, .M = 0, 0, 1, 0)
        1       R_MAX_TRES_ACEITES
       15       R_MIN_15_TON_41
     -350       R_MIN_15_TON_42


---- DELTA5  

DELTA5
                (.LO, .L, .UP, .M = 0, 0, 1, 0)
        1       R_MAX_TRES_ACEITES
       15       R_MIN_15_TON_51
     -350       R_MIN_15_TON_52


---- DELTA6  

DELTA6
                (.LO, .L, .UP, .M = 0, 0, 1, 0)
        1       R_MAX_TRES_ACEITES
       15       R_MIN_15_TON_61
     -350       R_MIN_15_TON_62
        3       R_IF_THEN

GAMS 24.5.6  r55090 Released Nov 27, 2015 DEX-DEG x86 64bit/MacOS X                                                                                                                                                                   01/16/16 16:32:06 Page 11
G e n e r a l   A l g e b r a i c   M o d e l i n g   S y s t e m
Model Statistics    SOLVE LINEAL Using MIP From line 76


MODEL STATISTICS

BLOCKS OF EQUATIONS          30     SINGLE EQUATIONS           30
BLOCKS OF VARIABLES          24     SINGLE VARIABLES           24
NON ZERO ELEMENTS            95     DISCRETE VARIABLES          6


GENERATION TIME      =        0.013 SECONDS      3 MB  24.5.6 r55090 DEX-DEG


EXECUTION TIME       =        0.014 SECONDS      3 MB  24.5.6 r55090 DEX-DEG
GAMS 24.5.6  r55090 Released Nov 27, 2015 DEX-DEG x86 64bit/MacOS X                                                                                                                                                                   01/16/16 16:32:06 Page 12
G e n e r a l   A l g e b r a i c   M o d e l i n g   S y s t e m
Solution Report     SOLVE LINEAL Using MIP From line 76


               S O L V E      S U M M A R Y

     MODEL   LINEAL              OBJECTIVE  BENEFICIOS
     TYPE    MIP                 DIRECTION  MAXIMIZE
     SOLVER  CPLEX               FROM LINE  76

**** SOLVER STATUS     1 Normal Completion         
**** MODEL STATUS      1 Optimal                   
**** OBJECTIVE VALUE            13179.6875

 RESOURCE USAGE, LIMIT          0.015      1000.000
 ITERATION COUNT, LIMIT         8    2000000000

IBM ILOG CPLEX   24.5.6 r55090 Released Nov 27, 2015 DEG x86 64bit/MacOS X    
Cplex 12.6.2.0

Space for names approximately 0.00 Mb
Use option 'names no' to turn use of names off
MIP status(101): integer optimal solution
Cplex Time: 0.01sec (det. 0.19 ticks)
Fixing integer variables, and solving final LP...
Fixed MIP status(1): optimal
Cplex Time: 0.00sec (det. 0.03 ticks)
Proven optimal solution.

MIP Solution:        13179.687500    (5 iterations, 0 nodes)
Final Solve:         13179.687500    (3 iterations)

Best possible:       13179.687500
Absolute gap:            0.000000
Relative gap:            0.000000


                           LOWER          LEVEL          UPPER         MARGINAL

---- EQU OBJ                 .              .              .             1.0000      
---- EQU R1                  .              .              .           144.4737      
---- EQU R2                  .              .              .           149.8026      
---- EQU R3                  .              .              .           147.0395      
---- EQU R4                  .              .              .           157.8947      
---- EQU R5                  .              .              .           151.5789      
---- EQU R6                  .              .              .           152.1711      
---- EQU R7                  .          1638.7500        +INF             .          
---- EQU R8                -INF             .              .             1.9737      
---- EQU R9                -INF          225.0000       225.0000          .          
---- EQU R10               -INF          350.0000       350.0000        25.0000      
---- EQU R_PRODUCTO          .              .              .           161.8421      
---- EQU R_PRODUCT~          .              .              .            -5.0000      
---- EQU R_INGRESOS          .              .              .             1.0000      
---- EQU R_COSTES_~          .              .              .            -1.0000      
---- EQU R_COSTES_~          .              .              .            -1.0000      
---- EQU R_MAX_TRE~        -INF            3.0000         3.0000          .          
---- EQU R_MIN_15_~        -INF             .              .              .          
GAMS 24.5.6  r55090 Released Nov 27, 2015 DEX-DEG x86 64bit/MacOS X                                                                                                                                                                   01/16/16 16:32:06 Page 13
G e n e r a l   A l g e b r a i c   M o d e l i n g   S y s t e m
Solution Report     SOLVE LINEAL Using MIP From line 76


---- EQU R_MIN_15_~        -INF             .              .            17.2500      
---- EQU R_MIN_15_~        -INF             .              .              .          
---- EQU R_MIN_15_~        -INF             .              .            17.3125      
---- EQU R_MIN_15_~        -INF         -210.0000          .              .          
---- EQU R_MIN_15_~        -INF             .              .            19.6875      
---- EQU R_MIN_15_~        -INF           -2.9687          .              .          
---- EQU R_MIN_15_~        -INF         -332.0312          .              .          
---- EQU R_MIN_15_~        -INF         -317.0312          .              .          
---- EQU R_MIN_15_~        -INF          -17.9688          .              .          
---- EQU R_MIN_15_~        -INF             .              .              .          
---- EQU R_MIN_15_~        -INF             .              .              .          
---- EQU R_IF_THEN         -INF            1.0000         3.0000          .          

                           LOWER          LEVEL          UPPER         MARGINAL

---- VAR X1                  .              .            +INF             .          
---- VAR X2                  .              .            +INF             .          
---- VAR X3                  .           213.7500        +INF             .          
---- VAR X4                  .            17.0703        +INF             .          
---- VAR X5                  .           315.4297        +INF             .          
---- VAR X6                  .              .            +INF             .          
---- VAR X_1                 .              .            +INF             .          
---- VAR X_2                 .              .            +INF             .          
---- VAR X_3                 .           225.0000        +INF             .          
---- VAR X_4                 .            17.9688        +INF             .          
---- VAR X_5                 .           332.0312        +INF             .          
---- VAR X_6                 .              .            +INF           -0.4375      
---- VAR BENEFICIOS        -INF        13179.6875        +INF             .          
---- VAR INGRESOS          -INF        81937.5000        +INF             .          
---- VAR COSTES_PR~        -INF        65882.8125        +INF             .          
---- VAR COSTES_RE~        -INF         2875.0000        +INF             .          
---- VAR PRODUCTO          -INF          546.2500        +INF             .          
---- VAR PRODUCTO_~        -INF          575.0000        +INF             .          
---- VAR DELTA1              .              .             1.0000      3881.2500      
---- VAR DELTA2              .              .             1.0000      3895.3125      
---- VAR DELTA3              .             1.0000         1.0000      4429.6875      
---- VAR DELTA4              .             1.0000         1.0000         EPS         
---- VAR DELTA5              .             1.0000         1.0000         EPS         
---- VAR DELTA6              .              .             1.0000         EPS         


**** REPORT SUMMARY :        0     NONOPT
                             0 INFEASIBLE
                             0  UNBOUNDED


EXECUTION TIME       =        0.004 SECONDS      2 MB  24.5.6 r55090 DEX-DEG
GAMS 24.5.6  r55090 Released Nov 27, 2015 DEX-DEG x86 64bit/MacOS X                                                                                                                                                                   01/16/16 16:32:06 Page 14
G e n e r a l   A l g e b r a i c   M o d e l i n g   S y s t e m
Solution Report     SOLVE LINEAL Using MIP From line 76


USER: GAMS Development Corporation, Washington, DC   G871201/0000CA-ANY
      Free Demo,  202-342-0180,  sales@gams.com,  www.gams.com   DC0000


**** FILE SUMMARY

Input      /Users/jiep12345/Desktop/objetivo3.gms
Output     /Users/jiep12345/Desktop/objetivo3.lst
